{
  "compiled_text_p129_candidate_enabled": false,
  "default_production_routing_changed": false,
  "dflash_verify_route_is_production": true,
  "geometry": {
    "first_dflash_position": 129,
    "head_dim": 256,
    "kv_heads": 4,
    "logical_page_table": [
      2,
      0,
      3
    ],
    "physical_pages": 4,
    "query_heads": 24,
    "text_context": 129,
    "text_dense_workspace_bytes": 1609920,
    "text_rows": 129,
    "text_w1_score_workspace_bytes": 12384,
    "value_group": 16,
    "w1_context": 130,
    "w1_score_workspace_bytes": 12480,
    "w5_batched_score_workspace_bytes": 64320,
    "w5_context": 134,
    "w5_serial_score_workspace_bytes": 12864,
    "w6_batched_score_workspace_bytes": 77760,
    "w6_context": 135,
    "w6_serial_score_workspace_bytes": 12960
  },
  "hardware": {
    "architecture": "gfx1201",
    "device": 0,
    "name": "AMD Radeon AI PRO R9700",
    "pci_bus_id": "0000:13:00.0",
    "wave_size": 32
  },
  "oracle": {
    "dense_bf16_q_implementation_limit": 0.002,
    "text_dense_bf16_q_max_abs": 2.44645333324911e-07,
    "text_dense_bf16_q_max_rel": 0.02073064306329364,
    "text_tail_w1_fp8_q_profile_max_abs": 9.044436233285325e-08,
    "text_tail_w1_fp8_q_profile_max_rel": 0.0007811854513329629,
    "text_tail_w1_max_abs": 0.005974978995205715,
    "text_tail_w1_max_rel": 57.10761239284523,
    "w1_fused_max_abs": 1.312206052289655e-07,
    "w1_fused_max_rel": 0.0004874102918493229,
    "w1_wmma_fp8_q_profile_max_abs": 9.153369255610055e-08,
    "w1_wmma_fp8_q_profile_max_rel": 0.0020592741914981882,
    "w1_wmma_max_abs": 0.005992343048476956,
    "w1_wmma_max_rel": 82.99858330799803,
    "w5_batched_fp8_q_profile_max_abs": 1.0127989602537468e-07,
    "w5_batched_fp8_q_profile_max_rel": 0.0020592741914981882,
    "w5_batched_max_abs": 0.007128709399839436,
    "w5_batched_max_rel": 735.2805439517479,
    "w5_fused_max_abs": 1.314751499337241e-07,
    "w5_fused_max_rel": 0.0014610364487651916,
    "w5_wmma_fp8_q_profile_max_abs": 1.0127989602537468e-07,
    "w5_wmma_fp8_q_profile_max_rel": 0.0020592741914981882,
    "w5_wmma_max_abs": 0.007128709399839436,
    "w5_wmma_max_rel": 735.2805439517479,
    "w6_batched_fp8_q_profile_max_abs": 1.0127989602537468e-07,
    "w6_batched_fp8_q_profile_max_rel": 0.0020592741914981882,
    "w6_batched_max_abs": 0.007128709399839436,
    "w6_batched_max_rel": 735.2805439517479,
    "w6_fused_max_abs": 1.314751499337241e-07,
    "w6_fused_max_rel": 0.0014610364487651916,
    "w6_wmma_fp8_q_profile_max_abs": 1.0127989602537468e-07,
    "w6_wmma_fp8_q_profile_max_rel": 0.0020592741914981882,
    "w6_wmma_max_abs": 0.007128709399839436,
    "w6_wmma_max_rel": 735.2805439517479,
    "wmma_implementation_limit": 0.0002,
    "wmma_public_criterion": "pointwise_abs<=abs(fp8_q_oracle-bf16_oracle)+2e-4*max(1,abs(fp8_q_oracle))"
  },
  "qualification": "text_p129_and_dflash_verify_attention_parity_discriminator",
  "schema_version": 3,
  "selector": {
    "compiled": false,
    "default": false,
    "name": "NINFER_R9700_TEXT_P129_WMMA_TAIL_CANDIDATE"
  },
  "target_pair": {
    "batched_graph_all_rows_bit_exact": true,
    "batched_serial_all_rows_bit_exact": true,
    "current_production_cross_route_row0_bit_exact": false,
    "current_production_cross_route_row0_max_abs": 0.0059923455119132996,
    "current_production_cross_route_row0_mismatches": 6144,
    "dflash_candidate": "W5/C134/positions129..133 batched FP8-Q WMMA",
    "fused_same_route_row0_bit_exact": true,
    "ordinary": "W1/C130/position129 FP8-Q WMMA",
    "serial_wmma_same_route_row0_bit_exact": true
  },
  "target_pair_w6": {
    "batched_graph_all_rows_bit_exact": true,
    "batched_serial_all_rows_bit_exact": true,
    "dflash_candidate": "W6/C135/positions129..134 batched FP8-Q WMMA",
    "fused_same_route_row0_bit_exact": true,
    "ordinary": "W1/C130/position129 FP8-Q WMMA",
    "serial_wmma_same_route_row0_bit_exact": true
  },
  "text_pair": {
    "append": "W1/C129/position128 FP8-Q WMMA",
    "candidate_graph_eager_bit_exact": true,
    "dense_prefix_rows0_127_preserved_bit_exact": true,
    "fresh": "dense T129/C129 plus W1 tail overwrite",
    "original_dense_tail_append_w1_bit_exact": false,
    "original_dense_tail_append_w1_max_abs": 0.005975022912025452,
    "original_dense_tail_append_w1_mismatches": 6144,
    "overwritten_tail_append_w1_bit_exact": true
  },
  "timing": {
    "diagnostic_only": true,
    "evidence_eligible": false,
    "iterations": 50,
    "launch_order": "ABBA by trial",
    "text_dense_p129_median_ms": 0.18373825073242187,
    "text_dense_p129_samples_ms": [
      0.19546550750732422,
      0.18307825088500976,
      0.18373825073242187,
      0.1955487060546875,
      0.18216766357421876,
      0.18310546875,
      0.18711105346679688
    ],
    "text_dense_plus_tail_median_ms": 0.1910182762145996,
    "text_dense_plus_tail_samples_ms": [
      0.1906806755065918,
      0.19208549499511718,
      0.19167108535766603,
      0.18880529403686525,
      0.1910182762145996,
      0.19076868057250976,
      0.19619989395141602
    ],
    "text_tail_overwrite_median_overhead_ms": 0.007280025482177738,
    "trials": 7,
    "w1_fused_median_ms": 0.08938590049743653,
    "w1_fused_samples_ms": [
      0.10258516311645507,
      0.08908592224121094,
      0.08950991630554199,
      0.08938590049743653,
      0.08938061714172363,
      0.08974512100219727,
      0.08921551704406738
    ],
    "w1_wmma_median_ms": 0.035623319149017334,
    "w1_wmma_samples_ms": [
      0.04490816116333008,
      0.03594412088394165,
      0.03546492099761963,
      0.035854520797729494,
      0.035149838924407956,
      0.035512120723724366,
      0.035623319149017334
    ],
    "w5_batched_wmma_median_ms": 0.038695459365844724,
    "w5_batched_wmma_samples_ms": [
      0.04302333831787109,
      0.03890494108200073,
      0.03838891983032226,
      0.03845613956451416,
      0.038695459365844724,
      0.03841933965682984,
      0.0388305401802063
    ],
    "w5_fused_median_ms": 0.09586673736572265,
    "w5_fused_samples_ms": [
      0.09586673736572265,
      0.09566993713378906,
      0.09620594024658204,
      0.0959395408630371,
      0.09632785797119141,
      0.09502674102783203,
      0.09582674026489257
    ],
    "w5_serial_wmma_median_ms": 0.18094863891601562,
    "w5_serial_wmma_samples_ms": [
      0.19418228149414063,
      0.1806326675415039,
      0.18094863891601562,
      0.18052301406860352,
      0.18110765457153322,
      0.18095504760742187,
      0.18022943496704102
    ],
    "w6_batched_wmma_median_ms": 0.03942267894744873,
    "w6_batched_wmma_samples_ms": [
      0.039453740119934085,
      0.039104139804840087,
      0.039744939804077145,
      0.039552938938140866,
      0.03942267894744873,
      0.03925774097442627,
      0.03910333871841431
    ],
    "w6_fused_median_ms": 0.09685956001281738,
    "w6_fused_samples_ms": [
      0.09724754333496094,
      0.09685956001281738,
      0.09638994216918945,
      0.09709553718566895,
      0.09763908386230469,
      0.09612513542175292,
      0.09589473724365234
    ],
    "w6_serial_wmma_median_ms": 0.2171335983276367,
    "w6_serial_wmma_samples_ms": [
      0.217595157623291,
      0.21731678009033203,
      0.21691038131713866,
      0.21720636367797852,
      0.2169710922241211,
      0.2171335983276367,
      0.21693998336791992
    ]
  },
  "w4_qualification": [
    {
      "concurrency": 1,
      "context": 64,
      "device_row_metadata": true,
      "graph_exact": true,
      "guards": true,
      "public_oracle_max_abs": 0.011699273776169215,
      "serial_exact": true
    },
    {
      "concurrency": 2,
      "context": 64,
      "device_row_metadata": true,
      "graph_exact": true,
      "guards": true,
      "public_oracle_max_abs": 0.012681683522402204,
      "serial_exact": true
    },
    {
      "concurrency": 3,
      "context": 64,
      "device_row_metadata": true,
      "graph_exact": true,
      "guards": true,
      "public_oracle_max_abs": 0.012691424674376589,
      "serial_exact": true
    },
    {
      "concurrency": 4,
      "context": 64,
      "device_row_metadata": true,
      "graph_exact": true,
      "guards": true,
      "public_oracle_max_abs": 0.01222128694314134,
      "serial_exact": true
    },
    {
      "concurrency": 1,
      "context": 133,
      "device_row_metadata": true,
      "graph_exact": true,
      "guards": true,
      "public_oracle_max_abs": 0.005992343048476956,
      "serial_exact": true
    },
    {
      "concurrency": 2,
      "context": 133,
      "device_row_metadata": true,
      "graph_exact": true,
      "guards": true,
      "public_oracle_max_abs": 0.006008422530018369,
      "serial_exact": true
    },
    {
      "concurrency": 3,
      "context": 133,
      "device_row_metadata": true,
      "graph_exact": true,
      "guards": true,
      "public_oracle_max_abs": 0.006258506759126453,
      "serial_exact": true
    },
    {
      "concurrency": 4,
      "context": 133,
      "device_row_metadata": true,
      "graph_exact": true,
      "guards": true,
      "public_oracle_max_abs": 0.006545486927782118,
      "serial_exact": true
    }
  ],
  "w4_w5_w6_invalid_page_metadata_poison": true
}
