{
  "compiled_text_p129_candidate_enabled": false,
  "default_production_routing_changed": false,
  "dflash_verify_route_is_production": true,
  "geometry": {
    "first_dflash_position": 4096,
    "head_dim": 256,
    "kv_heads": 4,
    "logical_page_table": [
      2,
      19,
      36,
      53,
      3,
      20,
      37,
      54,
      4,
      21,
      38,
      55,
      5,
      22,
      39,
      56,
      6,
      23,
      40,
      57,
      7,
      24,
      41,
      58,
      8,
      25,
      42,
      59,
      9,
      26,
      43,
      60,
      10,
      27,
      44,
      61,
      11,
      28,
      45,
      62,
      12,
      29,
      46,
      63,
      13,
      30,
      47,
      64,
      14,
      31,
      48,
      65,
      15,
      32,
      49,
      66,
      16,
      33,
      50,
      0,
      17,
      34,
      51,
      1,
      18
    ],
    "physical_pages": 67,
    "query_heads": 24,
    "text_context": 129,
    "text_dense_workspace_bytes": 1609920,
    "text_rows": 129,
    "text_w1_score_workspace_bytes": 12384,
    "value_group": 16,
    "w1_context": 4097,
    "w1_score_workspace_bytes": 393312,
    "w5_batched_score_workspace_bytes": 1968480,
    "w5_context": 4101,
    "w5_serial_score_workspace_bytes": 393696,
    "w6_batched_score_workspace_bytes": 2362752,
    "w6_context": 4102,
    "w6_serial_score_workspace_bytes": 393792
  },
  "hardware": {
    "architecture": "gfx1201",
    "device": 0,
    "name": "AMD Radeon AI PRO R9700",
    "pci_bus_id": "0000:13:00.0",
    "wave_size": 32
  },
  "oracle": {
    "dense_bf16_q_implementation_limit": 0.002,
    "text_dense_bf16_q_max_abs": 2.44645333324911e-07,
    "text_dense_bf16_q_max_rel": 0.02073064306329364,
    "text_tail_w1_fp8_q_profile_max_abs": 9.044436233285325e-08,
    "text_tail_w1_fp8_q_profile_max_rel": 0.0007811854513329629,
    "text_tail_w1_max_abs": 0.005974978995205715,
    "text_tail_w1_max_rel": 57.10761239284523,
    "w1_fused_max_abs": 9.274166002000428e-08,
    "w1_fused_max_rel": 0.0028634779734751934,
    "w1_wmma_fp8_q_profile_max_abs": 5.5847940168274324e-08,
    "w1_wmma_fp8_q_profile_max_rel": 0.005530955284174859,
    "w1_wmma_max_abs": 0.0006318344407083964,
    "w1_wmma_max_rel": 173.69130452321923,
    "w5_batched_fp8_q_profile_max_abs": 5.5847940168274324e-08,
    "w5_batched_fp8_q_profile_max_rel": 0.005530955284174859,
    "w5_batched_max_abs": 0.0006318344407083964,
    "w5_batched_max_rel": 173.69130452321923,
    "w5_fused_max_abs": 9.52574952615276e-08,
    "w5_fused_max_rel": 0.0073179615607301095,
    "w5_wmma_fp8_q_profile_max_abs": 5.5847940168274324e-08,
    "w5_wmma_fp8_q_profile_max_rel": 0.005530955284174859,
    "w5_wmma_max_abs": 0.0006318344407083964,
    "w5_wmma_max_rel": 173.69130452321923,
    "w6_batched_fp8_q_profile_max_abs": 5.5847940168274324e-08,
    "w6_batched_fp8_q_profile_max_rel": 0.005530955284174859,
    "w6_batched_max_abs": 0.0006318344407083964,
    "w6_batched_max_rel": 389.5520625703435,
    "w6_fused_max_abs": 9.52574952615276e-08,
    "w6_fused_max_rel": 0.01215160389932829,
    "w6_wmma_fp8_q_profile_max_abs": 5.5847940168274324e-08,
    "w6_wmma_fp8_q_profile_max_rel": 0.005530955284174859,
    "w6_wmma_max_abs": 0.0006318344407083964,
    "w6_wmma_max_rel": 389.5520625703435,
    "wmma_implementation_limit": 0.0002,
    "wmma_public_criterion": "pointwise_abs<=abs(fp8_q_oracle-bf16_oracle)+2e-4*max(1,abs(fp8_q_oracle))"
  },
  "qualification": "text_p129_and_dflash_verify_attention_parity_discriminator",
  "schema_version": 3,
  "selector": {
    "compiled": false,
    "default": false,
    "name": "NINFER_R9700_TEXT_P129_WMMA_TAIL_CANDIDATE"
  },
  "target_pair": {
    "batched_graph_all_rows_bit_exact": true,
    "batched_serial_all_rows_bit_exact": true,
    "current_production_cross_route_row0_bit_exact": false,
    "current_production_cross_route_row0_max_abs": 0.0006318306550383568,
    "current_production_cross_route_row0_mismatches": 6144,
    "dflash_candidate": "W5/C4101/positions4096..4100 batched FP8-Q WMMA",
    "fused_same_route_row0_bit_exact": true,
    "ordinary": "W1/C4097/position4096 FP8-Q WMMA",
    "serial_wmma_same_route_row0_bit_exact": true
  },
  "target_pair_w6": {
    "batched_graph_all_rows_bit_exact": true,
    "batched_serial_all_rows_bit_exact": true,
    "dflash_candidate": "W6/C4102/positions4096..4101 batched FP8-Q WMMA",
    "fused_same_route_row0_bit_exact": true,
    "ordinary": "W1/C4097/position4096 FP8-Q WMMA",
    "serial_wmma_same_route_row0_bit_exact": true
  },
  "text_pair": {
    "append": "W1/C129/position128 FP8-Q WMMA",
    "candidate_graph_eager_bit_exact": true,
    "dense_prefix_rows0_127_preserved_bit_exact": true,
    "fresh": "dense T129/C129 plus W1 tail overwrite",
    "original_dense_tail_append_w1_bit_exact": false,
    "original_dense_tail_append_w1_max_abs": 0.005975022912025452,
    "original_dense_tail_append_w1_mismatches": 6144,
    "overwritten_tail_append_w1_bit_exact": true
  },
  "timing": {
    "diagnostic_only": true,
    "evidence_eligible": false,
    "iterations": 50,
    "launch_order": "ABBA by trial",
    "text_dense_p129_median_ms": 0.18110599517822265,
    "text_dense_p129_samples_ms": [
      0.19233322143554688,
      0.1827836227416992,
      0.18110599517822265,
      0.1811075973510742,
      0.17859477996826173,
      0.17406278610229492,
      0.1697307777404785
    ],
    "text_dense_plus_tail_median_ms": 0.19047801971435546,
    "text_dense_plus_tail_samples_ms": [
      0.19047801971435546,
      0.19170282363891603,
      0.20010204315185548,
      0.18345481872558594,
      0.18449960708618163,
      0.1838916015625,
      0.19181961059570313
    ],
    "text_tail_overwrite_median_overhead_ms": 0.009372024536132811,
    "trials": 7,
    "w1_fused_median_ms": 2.5178216552734374,
    "w1_fused_samples_ms": [
      2.635617980957031,
      2.5496536254882813,
      2.5307960510253906,
      2.5178216552734374,
      2.503702392578125,
      2.481919860839844,
      2.477763824462891
    ],
    "w1_wmma_median_ms": 0.0995466423034668,
    "w1_wmma_samples_ms": [
      0.1187082576751709,
      0.10291144371032715,
      0.10127304077148437,
      0.0995466423034668,
      0.09938982009887695,
      0.09889461517333985,
      0.09866341590881347
    ],
    "w5_batched_wmma_median_ms": 0.2589797782897949,
    "w5_batched_wmma_samples_ms": [
      0.24824134826660157,
      0.2589797782897949,
      0.26289178848266603,
      0.24792375564575195,
      0.25079975128173826,
      0.268599796295166,
      0.26207977294921875
    ],
    "w5_fused_median_ms": 2.5991610717773437,
    "w5_fused_samples_ms": [
      2.6487554931640624,
      2.6202658081054686,
      2.6057305908203126,
      2.5991610717773437,
      2.5933914184570313,
      2.584658508300781,
      2.57986328125
    ],
    "w5_serial_wmma_median_ms": 0.5093515014648438,
    "w5_serial_wmma_samples_ms": [
      0.5244932174682617,
      0.5115835189819335,
      0.5054811096191406,
      0.5151563262939454,
      0.5093515014648438,
      0.49712432861328126,
      0.49778751373291014
    ],
    "w6_batched_wmma_median_ms": 0.2920694351196289,
    "w6_batched_wmma_samples_ms": [
      0.28728464126586917,
      0.29190065383911135,
      0.29456066131591796,
      0.2919278335571289,
      0.2924406623840332,
      0.29619186401367187,
      0.2920694351196289
    ],
    "w6_fused_median_ms": 2.6958572387695314,
    "w6_fused_samples_ms": [
      2.71173095703125,
      2.708212585449219,
      2.69696044921875,
      2.6958572387695314,
      2.661744384765625,
      2.6703970336914065,
      2.6863458251953123
    ],
    "w6_serial_wmma_median_ms": 0.5997709274291992,
    "w6_serial_wmma_samples_ms": [
      0.6248469543457031,
      0.6177005767822266,
      0.6098213577270508,
      0.5993781280517578,
      0.5997709274291992,
      0.5984333419799804,
      0.5963701248168946
    ]
  },
  "w4_qualification": [
    {
      "concurrency": 1,
      "context": 64,
      "device_row_metadata": true,
      "graph_exact": true,
      "guards": true,
      "public_oracle_max_abs": 0.011699273776169215,
      "serial_exact": true
    },
    {
      "concurrency": 2,
      "context": 64,
      "device_row_metadata": true,
      "graph_exact": true,
      "guards": true,
      "public_oracle_max_abs": 0.012681683522402204,
      "serial_exact": true
    },
    {
      "concurrency": 3,
      "context": 64,
      "device_row_metadata": true,
      "graph_exact": true,
      "guards": true,
      "public_oracle_max_abs": 0.012691424674376589,
      "serial_exact": true
    },
    {
      "concurrency": 4,
      "context": 64,
      "device_row_metadata": true,
      "graph_exact": true,
      "guards": true,
      "public_oracle_max_abs": 0.01222128694314134,
      "serial_exact": true
    },
    {
      "concurrency": 1,
      "context": 4100,
      "device_row_metadata": true,
      "graph_exact": true,
      "guards": true,
      "public_oracle_max_abs": 0.0006318344407083964,
      "serial_exact": true
    },
    {
      "concurrency": 2,
      "context": 4100,
      "device_row_metadata": true,
      "graph_exact": true,
      "guards": true,
      "public_oracle_max_abs": 0.0006274092549569971,
      "serial_exact": true
    },
    {
      "concurrency": 3,
      "context": 4100,
      "device_row_metadata": true,
      "graph_exact": true,
      "guards": true,
      "public_oracle_max_abs": 0.0006274092549569971,
      "serial_exact": true
    },
    {
      "concurrency": 4,
      "context": 4100,
      "device_row_metadata": true,
      "graph_exact": true,
      "guards": true,
      "public_oracle_max_abs": 0.0006396002172566022,
      "serial_exact": true
    }
  ],
  "w4_w5_w6_invalid_page_metadata_poison": true
}
