{
  "status": "passed",
  "reviewed_static_schedule": {
    "status": "static_feasible_requires_full_op_qualification",
    "kernel": "gdn_projection_control_grid_qualification_kernel",
    "grid": 112,
    "block": 256,
    "q4_blocks": [
      0,
      63
    ],
    "control_blocks": [
      64,
      111
    ],
    "resources": {
      "next_free_vgpr": 34,
      "next_free_sgpr": 52,
      "group_segment_fixed_size": 2048,
      "private_segment_fixed_size": 0,
      "wavefront_size32": 1,
      "compiler_occupancy": 16,
      "sgpr_spill_count": 0,
      "vgpr_spill_count": 0
    },
    "production_q4_resources": {
      "next_free_vgpr": 18,
      "next_free_sgpr": 44,
      "group_segment_fixed_size": 0,
      "private_segment_fixed_size": 0,
      "wavefront_size32": 1,
      "compiler_occupancy": 16,
      "sgpr_spill_count": 0,
      "vgpr_spill_count": 0
    },
    "production_control_resources": {
      "next_free_vgpr": 11,
      "next_free_sgpr": 22,
      "group_segment_fixed_size": 2048,
      "private_segment_fixed_size": 0,
      "wavefront_size32": 1,
      "compiler_occupancy": 16,
      "sgpr_spill_count": 0,
      "vgpr_spill_count": 0
    },
    "q4_native_iu4_static_instructions": 16,
    "control_lds_reduction_matches_production": true,
    "control_bf16_rne_seams": 2,
    "q4_activation_scalar_b256_loads": 0,
    "production_q4_activation_scalar_b256_loads": 2,
    "q4_activation_vector_b128_loads": 4,
    "limitations": [
      "Compiler occupancy is a resource ceiling, not measured active occupancy.",
      "Merged control flow replaces two scalar b256 activation loads with four vector b128 loads; issue-cost effect is unmeasured.",
      "No GPU run, independent numerical oracle, complete semantic launcher, or performance claim."
    ]
  },
  "kernels": {
    "gdn_projection_control_grid_qualification_kernel": {
      "extraction": {
        "executable_path": "/ssdpool2nvme/local_llm/ninfer-amd-r9700/tools/r9700/build/gdn_projection_control_grid_qual",
        "executable_size_bytes": 632328,
        "executable_sha256": "36f6df648404e32b4d27a9a470fde26e46e7346c19fc73174be266713e01040f",
        "executable_device": 42,
        "executable_inode": 1164524,
        "code_object_path": "/ssdpool2nvme/local_llm/ninfer-amd-r9700/profiles/bench/r9700-gdn-projection-control-grid-qualification-20260920/attempt-1/embedded/gdn_projection_control_grid_qualification_kernel.hsaco",
        "code_object_size_bytes": 9640,
        "code_object_sha256": "907e4b7645ff3bb66e94fcbefe6d511da3afbd1322177881aea55658e64b1bb9",
        "section": ".hip_fatbin",
        "bundle_target": "hipv4-amdgcn-amd-amdhsa--gfx1201",
        "bundle_offset_bytes": 24576,
        "code_symbol": "gdn_projection_control_grid_qualification_kernel"
      },
      "embedded_resources": {
        "group_segment_fixed_size": 2048,
        "private_segment_fixed_size": 0,
        "sgpr_spill_count": 0,
        "vgpr_spill_count": 0,
        "wavefront_size": 32,
        "vgpr_count": 34,
        "sgpr_count": 54
      },
      "ordered_instruction_schedule_exact": true,
      "instruction_counts": {
        "s_clause": 4,
        "s_load_b512": 2,
        "s_cmp_gt_u32": 2,
        "s_mov_b32": 15,
        "s_cbranch_scc0": 1,
        "s_cbranch_scc1": 3,
        "s_load_b32": 4,
        "v_dual_mov_b32": 6,
        "s_sub_co_i32": 2,
        "s_delay_alu": 79,
        "s_mul_u64": 1,
        "s_wait_kmcnt": 5,
        "s_and_b32": 7,
        "v_add_co_u32": 10,
        "s_wait_alu": 104,
        "v_add_co_ci_u32_e64": 10,
        "v_lshlrev_b64_e32": 3,
        "v_add_nc_u32_e32": 6,
        "global_load_u16": 3,
        "v_cmp_lt_u32_e32": 1,
        "s_or_b32": 14,
        "s_wait_loadcnt": 10,
        "v_lshlrev_b32_e32": 3,
        "v_dual_fmac_f32": 1,
        "v_fmac_f32_e32": 5,
        "s_and_not1_b32": 2,
        "s_cbranch_execnz": 1,
        "ds_store_2addr_stride64_b32": 9,
        "s_wait_dscnt": 11,
        "s_barrier_signal": 9,
        "s_barrier_wait": 9,
        "global_inv": 9,
        "v_cmpx_gt_u32_e32": 8,
        "s_cbranch_execz": 12,
        "ds_load_2addr_stride64_b32": 6,
        "v_dual_add_f32": 9,
        "s_wait_loadcnt_dscnt": 8,
        "ds_load_2addr_b32": 10,
        "v_cmp_eq_u32_e32": 4,
        "s_and_saveexec_b32": 2,
        "v_add_nc_u32_e64": 1,
        "v_mov_b32_e32": 6,
        "ds_load_b32": 2,
        "v_and_b32_e32": 4,
        "v_readfirstlane_b32": 7,
        "s_cbranch_vccnz": 4,
        "s_bfe_u32": 2,
        "s_add_co_i32": 4,
        "s_branch": 2,
        "s_cmp_eq_u32": 2,
        "s_cselect_b32": 10,
        "s_lshl_b64": 1,
        "s_add_nc_u64": 8,
        "s_add_f32": 44,
        "s_cmp_gt_f32": 1,
        "s_mul_f32": 12,
        "s_xor_b32": 7,
        "s_rndne_f32": 3,
        "s_fmamk_f32": 8,
        "s_cmp_nlt_f32": 3,
        "s_sub_f32": 40,
        "s_cvt_i32_f32": 3,
        "v_s_exp_f32": 3,
        "v_ldexp_f32": 5,
        "s_cmp_ngt_f32": 3,
        "v_frexp_mant_f32_e32": 1,
        "v_frexp_exp_i32_f32_e32": 1,
        "s_cmp_lt_f32": 2,
        "s_sub_co_ci_u32": 1,
        "s_cvt_f32_i32": 1,
        "v_s_rcp_f32": 1,
        "s_fmac_f32": 4,
        "s_fmaak_f32": 2,
        "s_cmp_neq_f32": 1,
        "v_cndmask_b32_e32": 2,
        "s_load_b64": 1,
        "v_cndmask_b32_e64": 8,
        "v_div_scale_f32": 2,
        "v_xor_b32_e32": 2,
        "v_rcp_f32_e32": 1,
        "v_mul_f32_e32": 2,
        "v_fma_f32": 2,
        "v_div_fmas_f32": 1,
        "v_div_fixup_f32": 1,
        "global_store_b32": 2,
        "v_mad_co_u64_u32": 3,
        "v_cmp_lt_u32_e64": 1,
        "global_load_b32": 1,
        "v_min_u32_e32": 1,
        "v_mov_b16_e32": 1,
        "v_cmp_ne_u32_e32": 1,
        "v_lshrrev_b32_e32": 1,
        "s_mov_b64": 1,
        "v_lshl_or_b32": 2,
        "global_load_b64": 4,
        "global_load_b128": 4,
        "global_load_d16_b16": 2,
        "s_cmp_lg_u32": 1,
        "v_dot8_i32_iu4": 16,
        "v_lshl_add_u32": 1,
        "v_fma_mix_f32": 1,
        "v_cvt_f32_i32_e32": 1,
        "v_cmpx_ne_u32_e32": 1,
        "v_bfe_u32": 1,
        "v_add3_u32": 1,
        "s_and_not1_saveexec_b32": 1,
        "v_or_b32_e32": 1,
        "global_store_d16_hi_b16": 1,
        "s_endpgm": 1
      }
    },
    "a8q4g64_gdn_pair_t1_kernel": {
      "extraction": {
        "executable_path": "/ssdpool2nvme/local_llm/ninfer-amd-r9700/tools/r9700/build/gdn_projection_control_grid_qual",
        "executable_size_bytes": 632328,
        "executable_sha256": "36f6df648404e32b4d27a9a470fde26e46e7346c19fc73174be266713e01040f",
        "executable_device": 42,
        "executable_inode": 1164524,
        "code_object_path": "/ssdpool2nvme/local_llm/ninfer-amd-r9700/profiles/bench/r9700-gdn-projection-control-grid-qualification-20260920/attempt-1/embedded/a8q4g64_gdn_pair_t1_kernel.hsaco",
        "code_object_size_bytes": 306152,
        "code_object_sha256": "6bdbeb52331a917a57f8aef5ba6d0b536fe5bc66c02a6a9dac0c11cd46ef7098",
        "section": ".hip_fatbin",
        "bundle_target": "hipv4-amdgcn-amd-amdhsa--gfx1201",
        "bundle_offset_bytes": 40960,
        "code_symbol": "_ZN6ninfer3ops5r97006linear12_GLOBAL__N_126a8q4g64_gdn_pair_t1_kernelEPKhS5_PKtPKjS5_S7_P12hip_bfloat16S5_S7_SB_"
      },
      "embedded_resources": {
        "group_segment_fixed_size": 0,
        "private_segment_fixed_size": 0,
        "sgpr_spill_count": 0,
        "vgpr_spill_count": 0,
        "wavefront_size": 32,
        "vgpr_count": 18,
        "sgpr_count": 46
      },
      "ordered_instruction_schedule_exact": true,
      "instruction_counts": {
        "s_load_b32": 2,
        "s_wait_kmcnt": 4,
        "s_and_b32": 1,
        "s_delay_alu": 20,
        "v_mad_co_u64_u32": 3,
        "s_mov_b32": 1,
        "v_cmpx_gt_u32_e32": 1,
        "s_cbranch_execz": 1,
        "s_load_b512": 1,
        "v_add_nc_u32_e32": 1,
        "v_cmp_lt_u32_e32": 1,
        "v_mov_b16_e32": 1,
        "s_load_b128": 1,
        "v_min_u32_e32": 1,
        "s_cmp_lg_u32": 2,
        "s_cbranch_scc1": 2,
        "v_lshrrev_b32_e32": 1,
        "v_dual_mov_b32": 4,
        "v_cndmask_b32_e32": 6,
        "v_mov_b32_e32": 2,
        "s_mov_b64": 1,
        "v_lshl_or_b32": 2,
        "v_add_co_u32": 6,
        "s_wait_alu": 11,
        "v_add_co_ci_u32_e64": 6,
        "s_clause": 1,
        "global_load_b64": 4,
        "s_add_nc_u64": 4,
        "global_load_d16_b16": 2,
        "s_load_b256": 2,
        "s_wait_loadcnt": 5,
        "v_dot8_i32_iu4": 16,
        "v_lshl_add_u32": 1,
        "v_fma_mix_f32": 1,
        "v_cvt_f32_i32_e32": 1,
        "v_fmac_f32_e32": 1,
        "v_and_b32_e32": 2,
        "v_cmp_ne_u32_e64": 1,
        "s_and_saveexec_b32": 1,
        "s_xor_b32": 1,
        "v_bfe_u32": 1,
        "v_add3_u32": 1,
        "s_and_not1_saveexec_b32": 1,
        "v_or_b32_e32": 1,
        "v_cmp_eq_u32_e64": 1,
        "v_cndmask_b32_e64": 1,
        "s_or_b32": 1,
        "v_lshlrev_b64_e32": 1,
        "global_store_d16_hi_b16": 1,
        "s_endpgm": 1
      }
    },
    "a8g64_quantize_activation_kernel": {
      "extraction": {
        "executable_path": "/ssdpool2nvme/local_llm/ninfer-amd-r9700/tools/r9700/build/gdn_projection_control_grid_qual",
        "executable_size_bytes": 632328,
        "executable_sha256": "36f6df648404e32b4d27a9a470fde26e46e7346c19fc73174be266713e01040f",
        "executable_device": 42,
        "executable_inode": 1164524,
        "code_object_path": "/ssdpool2nvme/local_llm/ninfer-amd-r9700/profiles/bench/r9700-gdn-projection-control-grid-qualification-20260920/attempt-1/embedded/a8g64_quantize_activation_kernel.hsaco",
        "code_object_size_bytes": 306152,
        "code_object_sha256": "6bdbeb52331a917a57f8aef5ba6d0b536fe5bc66c02a6a9dac0c11cd46ef7098",
        "section": ".hip_fatbin",
        "bundle_target": "hipv4-amdgcn-amd-amdhsa--gfx1201",
        "bundle_offset_bytes": 40960,
        "code_symbol": "_ZN6ninfer3ops5r97006linear12_GLOBAL__N_132a8g64_quantize_activation_kernelEPK12hip_bfloat16PhS7_PtPjjj"
      },
      "embedded_resources": {
        "group_segment_fixed_size": 0,
        "private_segment_fixed_size": 0,
        "sgpr_spill_count": 0,
        "vgpr_spill_count": 0,
        "wavefront_size": 32,
        "vgpr_count": 10,
        "sgpr_count": 22
      },
      "ordered_instruction_schedule_exact": true,
      "instruction_counts": {
        "s_clause": 1,
        "s_load_b128": 1,
        "s_load_b256": 1,
        "v_dual_mov_b32": 5,
        "v_mov_b32_e32": 9,
        "s_delay_alu": 39,
        "v_lshl_or_b32": 2,
        "s_wait_kmcnt": 1,
        "v_cmp_gt_u32_e64": 2,
        "s_and_saveexec_b32": 4,
        "s_cbranch_execz": 12,
        "s_mov_b32": 20,
        "v_lshlrev_b64_e32": 2,
        "s_mul_u64": 3,
        "s_lshl_b64": 4,
        "s_add_nc_u64": 4,
        "v_add_co_u32": 4,
        "v_add_co_ci_u32_e64": 5,
        "global_load_u16": 2,
        "s_wait_loadcnt": 2,
        "v_lshlrev_b32_e32": 2,
        "v_cmpx_nlg_f32_e64": 2,
        "v_mbcnt_lo_u32_b32": 4,
        "v_cmpx_eq_u32_e32": 4,
        "global_atomic_or_b32": 3,
        "s_wait_alu": 29,
        "s_or_b32": 12,
        "v_or_b32_e32": 1,
        "v_max_num_f32_e64": 2,
        "v_max_num_f32_e32": 11,
        "v_xor_b32_e32": 1,
        "ds_swizzle_b32": 1,
        "v_cmp_gt_u32_e32": 3,
        "v_cndmask_b32_e64": 3,
        "v_add_lshl_u32": 3,
        "s_wait_dscnt": 6,
        "ds_bpermute_b32": 5,
        "v_cmp_ne_u32_e32": 1,
        "v_dual_max_num_f32": 1,
        "v_mov_b16_e32": 3,
        "v_cmpx_neq_f32_e32": 1,
        "v_div_scale_f32": 6,
        "v_rcp_f32_e32": 3,
        "v_fma_f32": 9,
        "v_fmac_f32_e32": 6,
        "v_mul_f32_e32": 3,
        "v_div_fmas_f32": 3,
        "v_div_fixup_f32": 3,
        "v_cvt_f16_f32_e32": 1,
        "v_max_u16": 1,
        "v_cmpx_nlg_f16_e64": 1,
        "s_lshr_b32": 1,
        "global_store_b16": 1,
        "v_cmp_neq_f16_e64": 1,
        "v_cvt_f32_f16_e32": 1,
        "s_and_b32": 2,
        "s_movk_i32": 2,
        "v_rndne_f32_e32": 2,
        "v_cvt_i32_f32_e32": 2,
        "v_med3_i32": 2,
        "v_bfe_u32": 1,
        "v_mad_co_u64_u32": 1,
        "v_and_or_b32": 1,
        "v_lshrrev_b64": 1,
        "global_store_b8": 2,
        "s_endpgm": 1
      }
    },
    "bf16_projected_control_t1_kernel": {
      "extraction": {
        "executable_path": "/ssdpool2nvme/local_llm/ninfer-amd-r9700/tools/r9700/build/gdn_projection_control_grid_qual",
        "executable_size_bytes": 632328,
        "executable_sha256": "36f6df648404e32b4d27a9a470fde26e46e7346c19fc73174be266713e01040f",
        "executable_device": 42,
        "executable_inode": 1164524,
        "code_object_path": "/ssdpool2nvme/local_llm/ninfer-amd-r9700/profiles/bench/r9700-gdn-projection-control-grid-qualification-20260920/attempt-1/embedded/bf16_projected_control_t1_kernel.hsaco",
        "code_object_size_bytes": 91856,
        "code_object_sha256": "fc0dfd371468a54120e188ff07da3f4d44893d805a6b8fcea177befb820522a6",
        "section": ".hip_fatbin",
        "bundle_target": "hipv4-amdgcn-amd-amdhsa--gfx1201",
        "bundle_offset_bytes": 352256,
        "code_symbol": "_ZN6ninfer3ops5r97003gdn12_GLOBAL__N_132bf16_projected_control_t1_kernelEPK12hip_bfloat16S6_S6_PKfS8_PfS9_"
      },
      "embedded_resources": {
        "group_segment_fixed_size": 2048,
        "private_segment_fixed_size": 0,
        "sgpr_spill_count": 0,
        "vgpr_spill_count": 0,
        "wavefront_size": 32,
        "vgpr_count": 11,
        "sgpr_count": 24
      },
      "ordered_instruction_schedule_exact": true,
      "instruction_counts": {
        "s_clause": 2,
        "s_load_b32": 3,
        "s_load_b256": 2,
        "v_dual_mov_b32": 2,
        "s_mov_b32": 12,
        "s_wait_kmcnt": 3,
        "s_mul_u64": 1,
        "s_and_b32": 6,
        "v_add_co_u32": 4,
        "s_wait_alu": 100,
        "v_add_co_ci_u32_e64": 4,
        "v_lshlrev_b64_e32": 2,
        "v_add_nc_u32_e32": 6,
        "s_delay_alu": 59,
        "global_load_u16": 3,
        "v_cmp_lt_u32_e32": 1,
        "s_or_b32": 12,
        "s_wait_loadcnt": 2,
        "v_lshlrev_b32_e32": 3,
        "v_dual_fmac_f32": 1,
        "v_fmac_f32_e32": 4,
        "s_and_not1_b32": 1,
        "s_cbranch_execnz": 1,
        "ds_store_2addr_stride64_b32": 9,
        "s_wait_dscnt": 11,
        "s_barrier_signal": 9,
        "s_barrier_wait": 9,
        "global_inv": 9,
        "v_cmpx_gt_u32_e32": 7,
        "s_cbranch_execz": 11,
        "ds_load_2addr_stride64_b32": 6,
        "v_dual_add_f32": 8,
        "s_wait_loadcnt_dscnt": 8,
        "ds_load_2addr_b32": 10,
        "v_cmp_eq_u32_e32": 3,
        "s_and_saveexec_b32": 2,
        "v_add_nc_u32_e64": 1,
        "v_add_f32_e32": 2,
        "v_mov_b32_e32": 3,
        "ds_load_b32": 2,
        "v_and_b32_e32": 2,
        "v_readfirstlane_b32": 7,
        "s_cbranch_vccnz": 2,
        "s_bfe_u32": 2,
        "s_add_co_i32": 4,
        "s_branch": 2,
        "s_cmp_eq_u32": 2,
        "s_cselect_b32": 10,
        "s_lshl_b64": 1,
        "s_add_nc_u64": 4,
        "s_add_f32": 44,
        "s_cmp_gt_f32": 1,
        "s_cbranch_scc1": 1,
        "s_mul_f32": 12,
        "s_xor_b32": 6,
        "s_rndne_f32": 3,
        "s_fmamk_f32": 8,
        "s_cmp_nlt_f32": 3,
        "s_sub_f32": 40,
        "s_cvt_i32_f32": 3,
        "v_s_exp_f32": 3,
        "v_ldexp_f32": 5,
        "s_cmp_ngt_f32": 3,
        "v_frexp_mant_f32_e32": 1,
        "v_frexp_exp_i32_f32_e32": 1,
        "s_cmp_lt_f32": 2,
        "s_sub_co_ci_u32": 1,
        "s_sub_co_i32": 1,
        "s_cvt_f32_i32": 1,
        "v_s_rcp_f32": 1,
        "s_fmac_f32": 4,
        "s_fmaak_f32": 2,
        "s_cmp_neq_f32": 1,
        "v_cndmask_b32_e32": 1,
        "v_cndmask_b32_e64": 2,
        "v_div_scale_f32": 2,
        "v_xor_b32_e32": 2,
        "v_rcp_f32_e32": 1,
        "v_mul_f32_e32": 2,
        "v_fma_f32": 2,
        "v_div_fmas_f32": 1,
        "v_div_fixup_f32": 1,
        "global_store_b32": 2,
        "s_endpgm": 1
      }
    }
  },
  "vector_load_issue_cost_requires_complete_boundary_timing": true
}
