{
  "status": "passed",
  "kernels": {
    "a8g64_normalized_prepare_t1_kernel": {
      "symbol": "_ZN6ninfer3ops5r97006linear12_GLOBAL__N_134a8g64_normalized_prepare_t1_kernelEPK12hip_bfloat16S6_fbPhS7_PtPj",
      "source_resources": {
        "group_segment_fixed_size": 32,
        "private_segment_fixed_size": 0,
        "sgpr_spill_count": 0,
        "vgpr_spill_count": 0,
        "wavefront_size": 32,
        "vgpr_count": 28,
        "sgpr_count": 19
      },
      "extraction": {
        "executable_path": "/ssdpool2nvme/local_llm/ninfer-amd-r9700/build-r9700/src/ninfer_r9700_a8q4_normalized_linear_t1_qual",
        "executable_size_bytes": 851800,
        "executable_sha256": "c97562bfb4f29ba8ec30ededb6ee847c0b234b49a5f18620078e76dba879740e",
        "executable_device": 42,
        "executable_inode": 1164463,
        "code_object_path": "/ssdpool2nvme/local_llm/ninfer-amd-r9700/profiles/bench/r9700-normalized-linear-t1-promoted-qualification-20260920/attempt-1/embedded/a8g64_normalized_prepare_t1_kernel.hsaco",
        "code_object_size_bytes": 306152,
        "code_object_sha256": "4d2bd4ac7e8a61336a718385613cedc7ff5fbf33eefe267dca0140cdd7964cc5",
        "section": ".hip_fatbin",
        "bundle_target": "hipv4-amdgcn-amd-amdhsa--gfx1201",
        "bundle_offset_bytes": 143360,
        "code_symbol": "_ZN6ninfer3ops5r97006linear12_GLOBAL__N_134a8g64_normalized_prepare_t1_kernelEPK12hip_bfloat16S6_fbPhS7_PtPj"
      },
      "embedded_resources": {
        "group_segment_fixed_size": 32,
        "private_segment_fixed_size": 0,
        "sgpr_spill_count": 0,
        "vgpr_spill_count": 0,
        "wavefront_size": 32,
        "vgpr_count": 28,
        "sgpr_count": 19
      }
    },
    "a8q4g64_linear_decode_dot8_t1_kernel": {
      "symbol": "_ZN6ninfer3ops5r97006linear12_GLOBAL__N_136a8q4g64_linear_decode_dot8_t1_kernelEPKhS5_PKtPKjS5_S7_P12hip_bfloat16jj",
      "source_resources": {
        "group_segment_fixed_size": 0,
        "private_segment_fixed_size": 0,
        "sgpr_spill_count": 0,
        "vgpr_spill_count": 0,
        "wavefront_size": 32,
        "vgpr_count": 18,
        "sgpr_count": 34
      },
      "extraction": {
        "executable_path": "/ssdpool2nvme/local_llm/ninfer-amd-r9700/build-r9700/src/ninfer_r9700_a8q4_normalized_linear_t1_qual",
        "executable_size_bytes": 851800,
        "executable_sha256": "c97562bfb4f29ba8ec30ededb6ee847c0b234b49a5f18620078e76dba879740e",
        "executable_device": 42,
        "executable_inode": 1164463,
        "code_object_path": "/ssdpool2nvme/local_llm/ninfer-amd-r9700/profiles/bench/r9700-normalized-linear-t1-promoted-qualification-20260920/attempt-1/embedded/a8q4g64_linear_decode_dot8_t1_kernel.hsaco",
        "code_object_size_bytes": 306152,
        "code_object_sha256": "4d2bd4ac7e8a61336a718385613cedc7ff5fbf33eefe267dca0140cdd7964cc5",
        "section": ".hip_fatbin",
        "bundle_target": "hipv4-amdgcn-amd-amdhsa--gfx1201",
        "bundle_offset_bytes": 143360,
        "code_symbol": "_ZN6ninfer3ops5r97006linear12_GLOBAL__N_136a8q4g64_linear_decode_dot8_t1_kernelEPKhS5_PKtPKjS5_S7_P12hip_bfloat16jj"
      },
      "embedded_resources": {
        "group_segment_fixed_size": 0,
        "private_segment_fixed_size": 0,
        "sgpr_spill_count": 0,
        "vgpr_spill_count": 0,
        "wavefront_size": 32,
        "vgpr_count": 18,
        "sgpr_count": 34
      }
    }
  }
}
