{
  "compiled_text_p129_candidate_enabled": false,
  "default_production_routing_changed": false,
  "dflash_verify_route_is_production": true,
  "geometry": {
    "first_dflash_position": 4096,
    "head_dim": 256,
    "kv_heads": 4,
    "logical_page_table": [
      2,
      19,
      36,
      53,
      3,
      20,
      37,
      54,
      4,
      21,
      38,
      55,
      5,
      22,
      39,
      56,
      6,
      23,
      40,
      57,
      7,
      24,
      41,
      58,
      8,
      25,
      42,
      59,
      9,
      26,
      43,
      60,
      10,
      27,
      44,
      61,
      11,
      28,
      45,
      62,
      12,
      29,
      46,
      63,
      13,
      30,
      47,
      64,
      14,
      31,
      48,
      65,
      15,
      32,
      49,
      66,
      16,
      33,
      50,
      0,
      17,
      34,
      51,
      1,
      18
    ],
    "physical_pages": 67,
    "query_heads": 24,
    "text_context": 129,
    "text_dense_workspace_bytes": 1609920,
    "text_rows": 129,
    "text_w1_score_workspace_bytes": 12384,
    "value_group": 16,
    "w1_context": 4097,
    "w1_score_workspace_bytes": 393312,
    "w5_batched_score_workspace_bytes": 1968480,
    "w5_context": 4101,
    "w5_serial_score_workspace_bytes": 393696,
    "w6_batched_score_workspace_bytes": 2362752,
    "w6_context": 4102,
    "w6_serial_score_workspace_bytes": 393792
  },
  "hardware": {
    "architecture": "gfx1201",
    "device": 0,
    "name": "AMD Radeon AI PRO R9700",
    "pci_bus_id": "0000:13:00.0",
    "wave_size": 32
  },
  "oracle": {
    "dense_bf16_q_implementation_limit": 0.002,
    "text_dense_bf16_q_max_abs": 2.44645333324911e-07,
    "text_dense_bf16_q_max_rel": 0.02073064306329364,
    "text_tail_w1_fp8_q_profile_max_abs": 9.044436233285325e-08,
    "text_tail_w1_fp8_q_profile_max_rel": 0.0007811854513329629,
    "text_tail_w1_max_abs": 0.005974978995205715,
    "text_tail_w1_max_rel": 57.10761239284523,
    "w1_fused_max_abs": 9.274166002000428e-08,
    "w1_fused_max_rel": 0.0028634779734751934,
    "w1_wmma_fp8_q_profile_max_abs": 5.5847940168274324e-08,
    "w1_wmma_fp8_q_profile_max_rel": 0.005530955284174859,
    "w1_wmma_max_abs": 0.0006318344407083964,
    "w1_wmma_max_rel": 173.69130452321923,
    "w5_batched_fp8_q_profile_max_abs": 5.5847940168274324e-08,
    "w5_batched_fp8_q_profile_max_rel": 0.005530955284174859,
    "w5_batched_max_abs": 0.0006318344407083964,
    "w5_batched_max_rel": 173.69130452321923,
    "w5_fused_max_abs": 9.52574952615276e-08,
    "w5_fused_max_rel": 0.0073179615607301095,
    "w5_wmma_fp8_q_profile_max_abs": 5.5847940168274324e-08,
    "w5_wmma_fp8_q_profile_max_rel": 0.005530955284174859,
    "w5_wmma_max_abs": 0.0006318344407083964,
    "w5_wmma_max_rel": 173.69130452321923,
    "w6_batched_fp8_q_profile_max_abs": 5.5847940168274324e-08,
    "w6_batched_fp8_q_profile_max_rel": 0.005530955284174859,
    "w6_batched_max_abs": 0.0006318344407083964,
    "w6_batched_max_rel": 389.5520625703435,
    "w6_fused_max_abs": 9.52574952615276e-08,
    "w6_fused_max_rel": 0.01215160389932829,
    "w6_wmma_fp8_q_profile_max_abs": 5.5847940168274324e-08,
    "w6_wmma_fp8_q_profile_max_rel": 0.005530955284174859,
    "w6_wmma_max_abs": 0.0006318344407083964,
    "w6_wmma_max_rel": 389.5520625703435,
    "wmma_implementation_limit": 0.0002,
    "wmma_public_criterion": "pointwise_abs<=abs(fp8_q_oracle-bf16_oracle)+2e-4*max(1,abs(fp8_q_oracle))"
  },
  "qualification": "text_p129_and_dflash_verify_attention_parity_discriminator",
  "schema_version": 3,
  "selector": {
    "compiled": false,
    "default": false,
    "name": "NINFER_R9700_TEXT_P129_WMMA_TAIL_CANDIDATE"
  },
  "target_pair": {
    "batched_graph_all_rows_bit_exact": true,
    "batched_serial_all_rows_bit_exact": true,
    "current_production_cross_route_row0_bit_exact": false,
    "current_production_cross_route_row0_max_abs": 0.0006318306550383568,
    "current_production_cross_route_row0_mismatches": 6144,
    "dflash_candidate": "W5/C4101/positions4096..4100 batched FP8-Q WMMA",
    "fused_same_route_row0_bit_exact": true,
    "ordinary": "W1/C4097/position4096 FP8-Q WMMA",
    "serial_wmma_same_route_row0_bit_exact": true
  },
  "target_pair_w6": {
    "batched_graph_all_rows_bit_exact": true,
    "batched_serial_all_rows_bit_exact": true,
    "dflash_candidate": "W6/C4102/positions4096..4101 batched FP8-Q WMMA",
    "fused_same_route_row0_bit_exact": true,
    "ordinary": "W1/C4097/position4096 FP8-Q WMMA",
    "serial_wmma_same_route_row0_bit_exact": true
  },
  "text_pair": {
    "append": "W1/C129/position128 FP8-Q WMMA",
    "candidate_graph_eager_bit_exact": true,
    "dense_prefix_rows0_127_preserved_bit_exact": true,
    "fresh": "dense T129/C129 plus W1 tail overwrite",
    "original_dense_tail_append_w1_bit_exact": false,
    "original_dense_tail_append_w1_max_abs": 0.005975022912025452,
    "original_dense_tail_append_w1_mismatches": 6144,
    "overwritten_tail_append_w1_bit_exact": true
  },
  "timing": {
    "diagnostic_only": true,
    "evidence_eligible": false,
    "iterations": 50,
    "launch_order": "ABBA by trial",
    "text_dense_p129_median_ms": 0.18104745864868163,
    "text_dense_p129_samples_ms": [
      0.19118988037109375,
      0.18188823699951173,
      0.18104745864868163,
      0.18249786376953125,
      0.17765546798706056,
      0.175367431640625,
      0.17124263763427736
    ],
    "text_dense_plus_tail_median_ms": 0.19056026458740236,
    "text_dense_plus_tail_samples_ms": [
      0.19056026458740236,
      0.1915498733520508,
      0.19862667083740235,
      0.1835874557495117,
      0.18360984802246094,
      0.18467145919799804,
      0.19291385650634765
    ],
    "text_tail_overwrite_median_overhead_ms": 0.009512805938720725,
    "trials": 7,
    "w1_fused_median_ms": 2.5286819458007814,
    "w1_fused_samples_ms": [
      2.6269595336914064,
      2.5620907592773436,
      2.54138916015625,
      2.5286819458007814,
      2.5052418518066406,
      2.4761602783203127,
      2.4778346252441406
    ],
    "w1_wmma_median_ms": 0.09966493606567382,
    "w1_wmma_samples_ms": [
      0.11783375740051269,
      0.10192893981933594,
      0.09996893882751465,
      0.09966493606567382,
      0.0990433406829834,
      0.09897534370422363,
      0.09825373649597167
    ],
    "w5_batched_wmma_median_ms": 0.28279720306396483,
    "w5_batched_wmma_samples_ms": [
      0.27591880798339846,
      0.28509960174560545,
      0.2856892013549805,
      0.27370277404785154,
      0.2723123741149902,
      0.2859452056884766,
      0.28279720306396483
    ],
    "w5_fused_median_ms": 2.599603576660156,
    "w5_fused_samples_ms": [
      2.647041931152344,
      2.61898681640625,
      2.6059909057617188,
      2.599603576660156,
      2.5921371459960936,
      2.5851779174804688,
      2.5812554931640626
    ],
    "w5_serial_wmma_median_ms": 0.5091383361816406,
    "w5_serial_wmma_samples_ms": [
      0.5223087310791016,
      0.5091383361816406,
      0.5048823165893555,
      0.5099591064453125,
      0.509275131225586,
      0.4975151062011719,
      0.49748226165771486
    ],
    "w6_batched_wmma_median_ms": 0.34705806732177735,
    "w6_batched_wmma_samples_ms": [
      0.34500606536865236,
      0.345240478515625,
      0.34828369140625,
      0.35195728302001955,
      0.34705806732177735,
      0.3502396774291992,
      0.34567249298095704
    ],
    "w6_fused_median_ms": 2.6848126220703126,
    "w6_fused_samples_ms": [
      2.710066223144531,
      2.702879638671875,
      2.696136779785156,
      2.6696572875976563,
      2.652679748535156,
      2.6695611572265623,
      2.6848126220703126
    ],
    "w6_serial_wmma_median_ms": 0.5997600555419922,
    "w6_serial_wmma_samples_ms": [
      0.6190600967407227,
      0.6160208892822265,
      0.6079128646850586,
      0.5990496444702148,
      0.5997600555419922,
      0.599654426574707,
      0.5971343994140625
    ]
  },
  "w4_qualification": [
    {
      "concurrency": 1,
      "context": 64,
      "device_row_metadata": true,
      "graph_exact": true,
      "guards": true,
      "public_oracle_max_abs": 0.011699273776169215,
      "serial_exact": true
    },
    {
      "concurrency": 2,
      "context": 64,
      "device_row_metadata": true,
      "graph_exact": true,
      "guards": true,
      "public_oracle_max_abs": 0.012681683522402204,
      "serial_exact": true
    },
    {
      "concurrency": 3,
      "context": 64,
      "device_row_metadata": true,
      "graph_exact": true,
      "guards": true,
      "public_oracle_max_abs": 0.012691424674376589,
      "serial_exact": true
    },
    {
      "concurrency": 4,
      "context": 64,
      "device_row_metadata": true,
      "graph_exact": true,
      "guards": true,
      "public_oracle_max_abs": 0.01222128694314134,
      "serial_exact": true
    },
    {
      "concurrency": 1,
      "context": 4100,
      "device_row_metadata": true,
      "graph_exact": true,
      "guards": true,
      "public_oracle_max_abs": 0.0006318344407083964,
      "serial_exact": true
    },
    {
      "concurrency": 2,
      "context": 4100,
      "device_row_metadata": true,
      "graph_exact": true,
      "guards": true,
      "public_oracle_max_abs": 0.0006274092549569971,
      "serial_exact": true
    },
    {
      "concurrency": 3,
      "context": 4100,
      "device_row_metadata": true,
      "graph_exact": true,
      "guards": true,
      "public_oracle_max_abs": 0.0006274092549569971,
      "serial_exact": true
    },
    {
      "concurrency": 4,
      "context": 4100,
      "device_row_metadata": true,
      "graph_exact": true,
      "guards": true,
      "public_oracle_max_abs": 0.0006396002172566022,
      "serial_exact": true
    }
  ]
}
