{
  "compiled_text_p129_candidate_enabled": false,
  "default_production_routing_changed": false,
  "dflash_verify_route_is_production": true,
  "geometry": {
    "first_dflash_position": 129,
    "head_dim": 256,
    "kv_heads": 4,
    "logical_page_table": [
      2,
      0,
      3
    ],
    "physical_pages": 4,
    "query_heads": 24,
    "text_context": 129,
    "text_dense_workspace_bytes": 1609920,
    "text_rows": 129,
    "text_w1_score_workspace_bytes": 12384,
    "value_group": 16,
    "w1_context": 130,
    "w1_score_workspace_bytes": 12480,
    "w5_batched_score_workspace_bytes": 64320,
    "w5_context": 134,
    "w5_serial_score_workspace_bytes": 12864,
    "w6_batched_score_workspace_bytes": 77760,
    "w6_context": 135,
    "w6_serial_score_workspace_bytes": 12960
  },
  "hardware": {
    "architecture": "gfx1201",
    "device": 0,
    "name": "AMD Radeon AI PRO R9700",
    "pci_bus_id": "0000:13:00.0",
    "wave_size": 32
  },
  "oracle": {
    "dense_bf16_q_implementation_limit": 0.002,
    "text_dense_bf16_q_max_abs": 2.44645333324911e-07,
    "text_dense_bf16_q_max_rel": 0.02073064306329364,
    "text_tail_w1_fp8_q_profile_max_abs": 9.044436233285325e-08,
    "text_tail_w1_fp8_q_profile_max_rel": 0.0007811854513329629,
    "text_tail_w1_max_abs": 0.005974978995205715,
    "text_tail_w1_max_rel": 57.10761239284523,
    "w1_fused_max_abs": 1.312206052289655e-07,
    "w1_fused_max_rel": 0.0004874102918493229,
    "w1_wmma_fp8_q_profile_max_abs": 9.153369255610055e-08,
    "w1_wmma_fp8_q_profile_max_rel": 0.0020592741914981882,
    "w1_wmma_max_abs": 0.005992343048476956,
    "w1_wmma_max_rel": 82.99858330799803,
    "w5_batched_fp8_q_profile_max_abs": 1.0127989602537468e-07,
    "w5_batched_fp8_q_profile_max_rel": 0.0020592741914981882,
    "w5_batched_max_abs": 0.007128709399839436,
    "w5_batched_max_rel": 735.2805439517479,
    "w5_fused_max_abs": 1.314751499337241e-07,
    "w5_fused_max_rel": 0.0014610364487651916,
    "w5_wmma_fp8_q_profile_max_abs": 1.0127989602537468e-07,
    "w5_wmma_fp8_q_profile_max_rel": 0.0020592741914981882,
    "w5_wmma_max_abs": 0.007128709399839436,
    "w5_wmma_max_rel": 735.2805439517479,
    "w6_batched_fp8_q_profile_max_abs": 1.0127989602537468e-07,
    "w6_batched_fp8_q_profile_max_rel": 0.0020592741914981882,
    "w6_batched_max_abs": 0.007128709399839436,
    "w6_batched_max_rel": 735.2805439517479,
    "w6_fused_max_abs": 1.314751499337241e-07,
    "w6_fused_max_rel": 0.0014610364487651916,
    "w6_wmma_fp8_q_profile_max_abs": 1.0127989602537468e-07,
    "w6_wmma_fp8_q_profile_max_rel": 0.0020592741914981882,
    "w6_wmma_max_abs": 0.007128709399839436,
    "w6_wmma_max_rel": 735.2805439517479,
    "wmma_implementation_limit": 0.0002,
    "wmma_public_criterion": "pointwise_abs<=abs(fp8_q_oracle-bf16_oracle)+2e-4*max(1,abs(fp8_q_oracle))"
  },
  "qualification": "text_p129_and_dflash_verify_attention_parity_discriminator",
  "schema_version": 3,
  "selector": {
    "compiled": false,
    "default": false,
    "name": "NINFER_R9700_TEXT_P129_WMMA_TAIL_CANDIDATE"
  },
  "target_pair": {
    "batched_graph_all_rows_bit_exact": true,
    "batched_serial_all_rows_bit_exact": true,
    "current_production_cross_route_row0_bit_exact": false,
    "current_production_cross_route_row0_max_abs": 0.0059923455119132996,
    "current_production_cross_route_row0_mismatches": 6144,
    "dflash_candidate": "W5/C134/positions129..133 batched FP8-Q WMMA",
    "fused_same_route_row0_bit_exact": true,
    "ordinary": "W1/C130/position129 FP8-Q WMMA",
    "serial_wmma_same_route_row0_bit_exact": true
  },
  "target_pair_w6": {
    "batched_graph_all_rows_bit_exact": true,
    "batched_serial_all_rows_bit_exact": true,
    "dflash_candidate": "W6/C135/positions129..134 batched FP8-Q WMMA",
    "fused_same_route_row0_bit_exact": true,
    "ordinary": "W1/C130/position129 FP8-Q WMMA",
    "serial_wmma_same_route_row0_bit_exact": true
  },
  "text_pair": {
    "append": "W1/C129/position128 FP8-Q WMMA",
    "candidate_graph_eager_bit_exact": true,
    "dense_prefix_rows0_127_preserved_bit_exact": true,
    "fresh": "dense T129/C129 plus W1 tail overwrite",
    "original_dense_tail_append_w1_bit_exact": false,
    "original_dense_tail_append_w1_max_abs": 0.005975022912025452,
    "original_dense_tail_append_w1_mismatches": 6144,
    "overwritten_tail_append_w1_bit_exact": true
  },
  "timing": {
    "diagnostic_only": true,
    "evidence_eligible": false,
    "iterations": 50,
    "launch_order": "ABBA by trial",
    "text_dense_p129_median_ms": 0.18337392807006836,
    "text_dense_p129_samples_ms": [
      0.18272989273071288,
      0.18337392807006836,
      0.18233549118041992,
      0.18708112716674805,
      0.1933259391784668,
      0.18314992904663085,
      0.19045789718627928
    ],
    "text_dense_plus_tail_median_ms": 0.22037633895874023,
    "text_dense_plus_tail_samples_ms": [
      0.220325984954834,
      0.22081317901611328,
      0.23301080703735352,
      0.2219483757019043,
      0.21955078125,
      0.21904197692871094,
      0.22037633895874023
    ],
    "text_tail_overwrite_median_overhead_ms": 0.03700241088867187,
    "trials": 7,
    "w1_fused_median_ms": 0.08956893920898437,
    "w1_fused_samples_ms": [
      0.10207136154174805,
      0.0895521354675293,
      0.0897369384765625,
      0.08967453956604005,
      0.08953776359558105,
      0.08954336166381836,
      0.08956893920898437
    ],
    "w1_wmma_median_ms": 0.035792059898376465,
    "w1_wmma_samples_ms": [
      0.044772858619689944,
      0.03596966028213501,
      0.03542726039886475,
      0.035792059898376465,
      0.03559446096420288,
      0.03592324018478393,
      0.035476839542388915
    ],
    "w5_batched_wmma_median_ms": 0.03850886106491089,
    "w5_batched_wmma_samples_ms": [
      0.03842325925827026,
      0.03863607883453369,
      0.03826646089553833,
      0.03900968074798584,
      0.03850886106491089,
      0.038538460731506345,
      0.038371260166168215
    ],
    "w5_fused_median_ms": 0.09509136199951172,
    "w5_fused_samples_ms": [
      0.09506256103515626,
      0.09509136199951172,
      0.09526497840881348,
      0.09548895835876464,
      0.09500016212463379,
      0.09573935508728028,
      0.09505855560302734
    ],
    "w5_serial_wmma_median_ms": 0.18124591827392578,
    "w5_serial_wmma_samples_ms": [
      0.19282829284667968,
      0.18506591796875,
      0.18124591827392578,
      0.1804043197631836,
      0.18633073806762696,
      0.1807731246948242,
      0.18040027618408203
    ],
    "w6_batched_wmma_median_ms": 0.03933046102523804,
    "w6_batched_wmma_samples_ms": [
      0.039411261081695556,
      0.03909446001052856,
      0.039266459941864014,
      0.03968885898590088,
      0.03941766023635864,
      0.03933046102523804,
      0.03926006078720093
    ],
    "w6_fused_median_ms": 0.09682975769042969,
    "w6_fused_samples_ms": [
      0.09750415802001954,
      0.09641615867614746,
      0.09626015663146972,
      0.09750335693359374,
      0.09755215644836426,
      0.09650177955627441,
      0.09682975769042969
    ],
    "w6_serial_wmma_median_ms": 0.2172275733947754,
    "w6_serial_wmma_samples_ms": [
      0.21720354080200197,
      0.22202198028564454,
      0.2172275733947754,
      0.21708595275878906,
      0.21780757904052733,
      0.218113956451416,
      0.21673955917358398
    ]
  },
  "w4_qualification": [
    {
      "concurrency": 1,
      "context": 64,
      "device_row_metadata": true,
      "graph_exact": true,
      "guards": true,
      "public_oracle_max_abs": 0.011699273776169215,
      "serial_exact": true
    },
    {
      "concurrency": 2,
      "context": 64,
      "device_row_metadata": true,
      "graph_exact": true,
      "guards": true,
      "public_oracle_max_abs": 0.012681683522402204,
      "serial_exact": true
    },
    {
      "concurrency": 3,
      "context": 64,
      "device_row_metadata": true,
      "graph_exact": true,
      "guards": true,
      "public_oracle_max_abs": 0.012691424674376589,
      "serial_exact": true
    },
    {
      "concurrency": 4,
      "context": 64,
      "device_row_metadata": true,
      "graph_exact": true,
      "guards": true,
      "public_oracle_max_abs": 0.01222128694314134,
      "serial_exact": true
    },
    {
      "concurrency": 1,
      "context": 133,
      "device_row_metadata": true,
      "graph_exact": true,
      "guards": true,
      "public_oracle_max_abs": 0.005992343048476956,
      "serial_exact": true
    },
    {
      "concurrency": 2,
      "context": 133,
      "device_row_metadata": true,
      "graph_exact": true,
      "guards": true,
      "public_oracle_max_abs": 0.006008422530018369,
      "serial_exact": true
    },
    {
      "concurrency": 3,
      "context": 133,
      "device_row_metadata": true,
      "graph_exact": true,
      "guards": true,
      "public_oracle_max_abs": 0.006258506759126453,
      "serial_exact": true
    },
    {
      "concurrency": 4,
      "context": 133,
      "device_row_metadata": true,
      "graph_exact": true,
      "guards": true,
      "public_oracle_max_abs": 0.006545486927782118,
      "serial_exact": true
    }
  ]
}
