GPU:               AMD Radeon AI PRO R9700
Architecture:      gfx1201 (wave32)
HIP processors/L2: 32 / 8.0 MiB
Memory bus width:  256 bits
VRAM total/free:   31.86 / 31.79 GiB
Working set:       4.00 GiB per buffer (512.0x L2)
Advertised peak:   640.0 GB/s
Trial policy:      5 trials, >= 0.25 s each, best + median
Resident grids:    write=256 read=256 copy=256 copy-x4=256 blocks x 256 threads

method                            payload     best bus   median bus    of peak    best ms
                                     GB/s         GB/s         GB/s                      
hipMemsetAsync (write)              592.5        592.5        591.8      92.6%      7.249
kernel uint4 write                  569.6        569.6        569.4      89.0%      7.541
kernel uint4 read                   635.9        635.9        635.8      99.4%      6.754
kernel uint4 copy                   276.8        553.6        553.0      86.5%     15.516
kernel uint4x4 copy                 274.8        549.5        549.5      85.9%     15.632
hipMemcpyAsync D2D                  274.9        549.7        549.6      85.9%     15.625

Best sustained bus rate: 635.9 GB/s (99.4% of 640.0 GB/s), kernel uint4 read
Read checksum exact:     f0000000:00000000:f0000000:00000000
Note: copy payload is half its bus rate because every copied byte is both read and written.
