{
  "status": "passed",
  "kernels": {
    "dflash_down_scale_gather_kernelILj5EE": {
      "source_resources": {
        "next_free_vgpr": 48,
        "next_free_sgpr": 20,
        "group_segment_fixed_size": 0,
        "private_segment_fixed_size": 0,
        "wavefront_size32": 1,
        "compiler_occupancy": 16,
        "sgpr_spill_count": 0,
        "vgpr_spill_count": 0
      },
      "symbol": "_ZN6ninfer3ops5r97006linear13qualification12_GLOBAL__N_131dflash_down_scale_gather_kernelILj5EEEvPKhS7_PKtPKjS7_S9_P12hip_bfloat16",
      "extraction": {
        "executable_path": "/ssdpool2nvme/local_llm/ninfer-amd-r9700/tools/r9700/build/dflash_down_scale_gather_qual",
        "executable_size_bytes": 498224,
        "executable_sha256": "56011cd1eecdddf681591e271ceb8e388369e235af6a8cb10bb3aedb762a8441",
        "executable_device": 42,
        "executable_inode": 1163470,
        "code_object_path": "/ssdpool2nvme/local_llm/ninfer-amd-r9700/profiles/bench/r9700-dflash-down-scale-gather-qualification-20260921/attempt-1/embedded/dflash_down_scale_gather_kernelILj5EE.hsaco",
        "code_object_size_bytes": 10632,
        "code_object_sha256": "13465a5d2756cd8e4748f2924d050230eda05267d715bd81351d3ed3b63ebc01",
        "section": ".hip_fatbin",
        "bundle_target": "hipv4-amdgcn-amd-amdhsa--gfx1201",
        "bundle_offset_bytes": 24576,
        "code_symbol": "_ZN6ninfer3ops5r97006linear13qualification12_GLOBAL__N_131dflash_down_scale_gather_kernelILj5EEEvPKhS7_PKtPKjS7_S9_P12hip_bfloat16"
      },
      "embedded_resources": {
        "group_segment_fixed_size": 0,
        "private_segment_fixed_size": 0,
        "sgpr_spill_count": 0,
        "vgpr_spill_count": 0,
        "wavefront_size": 32,
        "vgpr_count": 48,
        "sgpr_count": 22
      },
      "instruction_counts": {
        "s_load_b256": 1,
        "v_and_b32_e32": 10,
        "v_cmp_gt_u32_e32": 2,
        "s_wait_kmcnt": 3,
        "s_load_b32": 1,
        "s_load_b128": 2,
        "v_lshl_or_b32": 2,
        "s_mov_b32": 9,
        "s_cmp_lg_u32": 1,
        "s_cbranch_scc0": 1,
        "s_and_saveexec_b32": 7,
        "s_delay_alu": 33,
        "s_xor_b32": 6,
        "s_cbranch_execz": 7,
        "v_mov_b32_e32": 5,
        "v_add_nc_u32_e32": 6,
        "v_lshlrev_b64_e32": 11,
        "v_mov_b16_e32": 3,
        "v_add_co_u32": 15,
        "v_add_co_ci_u32_e64": 15,
        "s_wait_alu": 40,
        "s_clause": 3,
        "global_store_b16": 4,
        "s_or_b32": 11,
        "s_cbranch_execnz": 1,
        "s_endpgm": 2,
        "v_dual_mov_b32": 23,
        "v_dual_and_b32": 2,
        "v_dual_lshlrev_b32": 3,
        "s_and_b32": 1,
        "v_mul_u32_u24_e32": 2,
        "v_or_b32_e32": 8,
        "s_mul_i32": 1,
        "v_cmp_gt_u32_e64": 1,
        "s_mul_u64": 1,
        "s_branch": 2,
        "ds_bpermute_b32": 5,
        "v_lshl_add_u32": 6,
        "v_cvt_f32_i32_e32": 5,
        "s_add_co_i32": 1,
        "s_cmp_eq_u32": 1,
        "s_wait_loadcnt_dscnt": 1,
        "v_fma_mix_f32": 5,
        "s_wait_dscnt": 4,
        "v_dual_fmac_f32": 4,
        "v_fmac_f32_e32": 1,
        "s_cbranch_scc1": 1,
        "v_lshrrev_b32_e32": 2,
        "global_load_b64": 6,
        "s_add_nc_u64": 1,
        "s_lshl_b64": 1,
        "s_wait_loadcnt": 3,
        "v_wmma_i32_16x16x32_iu4": 4,
        "global_load_d16_b16": 2,
        "v_cvt_f32_f16_e32": 1,
        "v_cmpx_gt_u32_e32": 1,
        "v_cmp_ne_u32_e32": 1,
        "v_bfe_u32": 5,
        "v_add3_u32": 5,
        "s_and_not1_saveexec_b32": 5,
        "v_cmp_eq_u32_e32": 5,
        "v_cndmask_b32_e32": 5,
        "global_store_d16_hi_b16": 5,
        "v_cmpx_ne_u32_e32": 4,
        "v_dual_add_nc_u32": 4
      },
      "embedded_schedule_exact": true
    },
    "dflash_down_scale_gather_kernelILj6EE": {
      "source_resources": {
        "next_free_vgpr": 50,
        "next_free_sgpr": 20,
        "group_segment_fixed_size": 0,
        "private_segment_fixed_size": 0,
        "wavefront_size32": 1,
        "compiler_occupancy": 16,
        "sgpr_spill_count": 0,
        "vgpr_spill_count": 0
      },
      "symbol": "_ZN6ninfer3ops5r97006linear13qualification12_GLOBAL__N_131dflash_down_scale_gather_kernelILj6EEEvPKhS7_PKtPKjS7_S9_P12hip_bfloat16",
      "extraction": {
        "executable_path": "/ssdpool2nvme/local_llm/ninfer-amd-r9700/tools/r9700/build/dflash_down_scale_gather_qual",
        "executable_size_bytes": 498224,
        "executable_sha256": "56011cd1eecdddf681591e271ceb8e388369e235af6a8cb10bb3aedb762a8441",
        "executable_device": 42,
        "executable_inode": 1163470,
        "code_object_path": "/ssdpool2nvme/local_llm/ninfer-amd-r9700/profiles/bench/r9700-dflash-down-scale-gather-qualification-20260921/attempt-1/embedded/dflash_down_scale_gather_kernelILj6EE.hsaco",
        "code_object_size_bytes": 10632,
        "code_object_sha256": "13465a5d2756cd8e4748f2924d050230eda05267d715bd81351d3ed3b63ebc01",
        "section": ".hip_fatbin",
        "bundle_target": "hipv4-amdgcn-amd-amdhsa--gfx1201",
        "bundle_offset_bytes": 24576,
        "code_symbol": "_ZN6ninfer3ops5r97006linear13qualification12_GLOBAL__N_131dflash_down_scale_gather_kernelILj6EEEvPKhS7_PKtPKjS7_S9_P12hip_bfloat16"
      },
      "embedded_resources": {
        "group_segment_fixed_size": 0,
        "private_segment_fixed_size": 0,
        "sgpr_spill_count": 0,
        "vgpr_spill_count": 0,
        "wavefront_size": 32,
        "vgpr_count": 50,
        "sgpr_count": 22
      },
      "instruction_counts": {
        "s_load_b256": 1,
        "v_and_b32_e32": 12,
        "v_cmp_gt_u32_e32": 2,
        "s_wait_kmcnt": 3,
        "s_load_b32": 1,
        "s_load_b128": 2,
        "v_lshl_or_b32": 2,
        "s_mov_b32": 10,
        "s_cmp_lg_u32": 1,
        "s_cbranch_scc0": 1,
        "s_and_saveexec_b32": 7,
        "s_delay_alu": 37,
        "s_xor_b32": 7,
        "s_cbranch_execz": 7,
        "v_mov_b32_e32": 5,
        "v_add_nc_u32_e32": 6,
        "v_lshlrev_b64_e32": 13,
        "v_mov_b16_e32": 3,
        "v_add_co_u32": 17,
        "v_add_co_ci_u32_e64": 17,
        "s_wait_alu": 46,
        "v_dual_mov_b32": 27,
        "v_dual_add_nc_u32": 6,
        "s_clause": 3,
        "global_store_b16": 5,
        "s_or_b32": 12,
        "s_cbranch_execnz": 1,
        "s_endpgm": 2,
        "v_dual_and_b32": 2,
        "v_dual_lshlrev_b32": 3,
        "s_and_b32": 1,
        "v_mul_u32_u24_e32": 2,
        "v_or_b32_e32": 9,
        "s_mul_i32": 1,
        "v_cmp_gt_u32_e64": 1,
        "s_mul_u64": 1,
        "s_branch": 2,
        "ds_bpermute_b32": 6,
        "v_lshl_add_u32": 7,
        "v_cvt_f32_i32_e32": 6,
        "s_add_co_i32": 1,
        "s_cmp_eq_u32": 1,
        "s_wait_loadcnt_dscnt": 1,
        "v_fma_mix_f32": 6,
        "s_wait_dscnt": 5,
        "v_dual_fmac_f32": 6,
        "s_cbranch_scc1": 1,
        "v_lshrrev_b32_e32": 2,
        "global_load_b64": 6,
        "s_add_nc_u64": 1,
        "s_lshl_b64": 1,
        "s_wait_loadcnt": 3,
        "v_wmma_i32_16x16x32_iu4": 4,
        "global_load_d16_b16": 2,
        "v_cvt_f32_f16_e32": 1,
        "v_cmpx_gt_u32_e32": 1,
        "v_cmp_ne_u32_e32": 1,
        "v_bfe_u32": 6,
        "v_add3_u32": 6,
        "s_and_not1_saveexec_b32": 6,
        "v_cmp_eq_u32_e32": 6,
        "v_cndmask_b32_e32": 6,
        "global_store_d16_hi_b16": 6,
        "v_cmpx_ne_u32_e32": 5
      },
      "embedded_schedule_exact": true
    },
    "a8q4g64_linear_wmma32_kernel": {
      "source_resources": {
        "next_free_vgpr": 65,
        "next_free_sgpr": 40,
        "group_segment_fixed_size": 0,
        "private_segment_fixed_size": 0,
        "wavefront_size32": 1,
        "compiler_occupancy": 16,
        "sgpr_spill_count": 0,
        "vgpr_spill_count": 0
      },
      "symbol": "_ZN6ninfer3ops5r97006linear12_GLOBAL__N_128a8q4g64_linear_wmma32_kernelEPKhS5_PKtPKjS5_S7_P12hip_bfloat16jjj",
      "extraction": {
        "executable_path": "/ssdpool2nvme/local_llm/ninfer-amd-r9700/tools/r9700/build/dflash_down_scale_gather_qual",
        "executable_size_bytes": 498224,
        "executable_sha256": "56011cd1eecdddf681591e271ceb8e388369e235af6a8cb10bb3aedb762a8441",
        "executable_device": 42,
        "executable_inode": 1163470,
        "code_object_path": "/ssdpool2nvme/local_llm/ninfer-amd-r9700/profiles/bench/r9700-dflash-down-scale-gather-qualification-20260921/attempt-1/embedded/a8q4g64_linear_wmma32_kernel.hsaco",
        "code_object_size_bytes": 306152,
        "code_object_sha256": "8f9010166903ed8d68bb85ee4a739e32d91718a5f6bacf454dd7073089063ba2",
        "section": ".hip_fatbin",
        "bundle_target": "hipv4-amdgcn-amd-amdhsa--gfx1201",
        "bundle_offset_bytes": 40960,
        "code_symbol": "_ZN6ninfer3ops5r97006linear12_GLOBAL__N_128a8q4g64_linear_wmma32_kernelEPKhS5_PKtPKjS5_S7_P12hip_bfloat16jjj"
      },
      "embedded_resources": {
        "group_segment_fixed_size": 0,
        "private_segment_fixed_size": 0,
        "sgpr_spill_count": 0,
        "vgpr_spill_count": 0,
        "wavefront_size": 32,
        "vgpr_count": 65,
        "sgpr_count": 42
      },
      "instruction_counts": {
        "s_clause": 5,
        "s_load_b256": 1,
        "s_load_b96": 1,
        "v_and_b32_e32": 18,
        "v_lshrrev_b32_e32": 1,
        "s_lshl_b32": 1,
        "s_mov_b32": 8,
        "s_wait_kmcnt": 3,
        "s_load_b32": 1,
        "s_load_b128": 2,
        "v_lshl_or_b32": 2,
        "v_lshl_add_u32": 11,
        "s_delay_alu": 82,
        "v_cmp_gt_u32_e32": 3,
        "s_cmp_eq_u32": 2,
        "s_cbranch_scc1": 2,
        "v_mov_b32_e32": 9,
        "v_lshlrev_b64_e32": 26,
        "v_cmp_gt_u32_e64": 25,
        "s_and_b32": 17,
        "v_add_co_u32": 44,
        "v_add_co_ci_u32_e64": 44,
        "s_and_saveexec_b32": 37,
        "s_cbranch_execz": 30,
        "v_mad_co_u64_u32": 25,
        "s_wait_alu": 103,
        "v_mov_b16_e32": 9,
        "global_store_b16": 7,
        "s_or_b32": 37,
        "v_or_b32_e32": 23,
        "v_dual_mov_b32": 35,
        "s_cbranch_execnz": 2,
        "s_endpgm": 2,
        "s_lshr_b32": 1,
        "s_cbranch_scc0": 1,
        "v_dual_lshlrev_b32": 3,
        "v_dual_and_b32": 1,
        "s_mul_u64": 1,
        "s_branch": 4,
        "v_dual_mul_f32": 4,
        "v_cvt_f32_i32_e32": 8,
        "v_mul_f32_e32": 4,
        "v_fmac_f32_e32": 4,
        "v_dual_fmac_f32": 4,
        "s_add_co_i32": 1,
        "v_lshrrev_b64": 2,
        "global_load_b32": 8,
        "s_add_nc_u64": 2,
        "s_lshl_b64": 3,
        "global_load_b64": 2,
        "s_wait_loadcnt": 11,
        "v_wmma_i32_16x16x32_iu4": 4,
        "v_dual_add_nc_u32": 1,
        "v_lshlrev_b32_e32": 1,
        "global_load_d16_b16": 9,
        "v_cvt_f32_f16_e32": 9,
        "v_cmp_ne_u32_e64": 7,
        "s_xor_b32": 8,
        "v_bfe_u32": 8,
        "v_add3_u32": 8,
        "s_and_not1_saveexec_b32": 8,
        "v_cmp_eq_u32_e64": 7,
        "v_cndmask_b32_e64": 7,
        "global_store_d16_hi_b16": 8,
        "v_add_nc_u32_e32": 7,
        "v_cmpx_ne_u32_e32": 1,
        "v_cmp_eq_u32_e32": 1,
        "v_cndmask_b32_e32": 1
      },
      "embedded_schedule_exact": true
    },
    "a8g64_quantize_activation_kernel": {
      "source_resources": {
        "next_free_vgpr": 10,
        "next_free_sgpr": 20,
        "group_segment_fixed_size": 0,
        "private_segment_fixed_size": 0,
        "wavefront_size32": 1,
        "compiler_occupancy": 16,
        "sgpr_spill_count": 0,
        "vgpr_spill_count": 0
      },
      "symbol": "_ZN6ninfer3ops5r97006linear12_GLOBAL__N_132a8g64_quantize_activation_kernelEPK12hip_bfloat16PhS7_PtPjjj",
      "extraction": {
        "executable_path": "/ssdpool2nvme/local_llm/ninfer-amd-r9700/tools/r9700/build/dflash_down_scale_gather_qual",
        "executable_size_bytes": 498224,
        "executable_sha256": "56011cd1eecdddf681591e271ceb8e388369e235af6a8cb10bb3aedb762a8441",
        "executable_device": 42,
        "executable_inode": 1163470,
        "code_object_path": "/ssdpool2nvme/local_llm/ninfer-amd-r9700/profiles/bench/r9700-dflash-down-scale-gather-qualification-20260921/attempt-1/embedded/a8g64_quantize_activation_kernel.hsaco",
        "code_object_size_bytes": 306152,
        "code_object_sha256": "8f9010166903ed8d68bb85ee4a739e32d91718a5f6bacf454dd7073089063ba2",
        "section": ".hip_fatbin",
        "bundle_target": "hipv4-amdgcn-amd-amdhsa--gfx1201",
        "bundle_offset_bytes": 40960,
        "code_symbol": "_ZN6ninfer3ops5r97006linear12_GLOBAL__N_132a8g64_quantize_activation_kernelEPK12hip_bfloat16PhS7_PtPjjj"
      },
      "embedded_resources": {
        "group_segment_fixed_size": 0,
        "private_segment_fixed_size": 0,
        "sgpr_spill_count": 0,
        "vgpr_spill_count": 0,
        "wavefront_size": 32,
        "vgpr_count": 10,
        "sgpr_count": 22
      },
      "instruction_counts": {
        "s_clause": 1,
        "s_load_b128": 1,
        "s_load_b256": 1,
        "v_dual_mov_b32": 8,
        "v_dual_lshlrev_b32": 2,
        "v_mov_b32_e32": 9,
        "s_delay_alu": 39,
        "v_lshl_or_b32": 2,
        "s_wait_kmcnt": 1,
        "v_cmp_gt_u32_e64": 2,
        "s_and_saveexec_b32": 4,
        "s_cbranch_execz": 12,
        "s_mov_b32": 20,
        "v_lshlrev_b64_e32": 2,
        "s_mul_u64": 3,
        "s_lshl_b64": 4,
        "s_add_nc_u64": 4,
        "v_add_co_u32": 4,
        "v_add_co_ci_u32_e64": 5,
        "global_load_u16": 2,
        "s_wait_loadcnt": 2,
        "v_lshlrev_b32_e32": 2,
        "v_cmpx_nlg_f32_e64": 2,
        "v_mbcnt_lo_u32_b32": 4,
        "v_cmpx_eq_u32_e32": 4,
        "global_atomic_or_b32": 3,
        "s_wait_alu": 29,
        "s_or_b32": 12,
        "v_or_b32_e32": 1,
        "v_max_num_f32_e64": 2,
        "v_max_num_f32_e32": 11,
        "v_xor_b32_e32": 1,
        "ds_swizzle_b32": 1,
        "v_cmp_gt_u32_e32": 3,
        "v_cndmask_b32_e64": 3,
        "v_add_lshl_u32": 3,
        "s_wait_dscnt": 6,
        "ds_bpermute_b32": 5,
        "v_cmp_ne_u32_e32": 1,
        "v_dual_max_num_f32": 1,
        "v_mov_b16_e32": 3,
        "v_cmpx_neq_f32_e32": 1,
        "v_div_scale_f32": 6,
        "v_rcp_f32_e32": 3,
        "v_fma_f32": 9,
        "v_fmac_f32_e32": 6,
        "v_mul_f32_e32": 3,
        "v_div_fmas_f32": 3,
        "v_div_fixup_f32": 3,
        "v_cvt_f16_f32_e32": 1,
        "v_max_u16": 1,
        "v_cmpx_nlg_f16_e64": 1,
        "s_lshr_b32": 1,
        "global_store_b16": 1,
        "v_cmp_neq_f16_e64": 1,
        "v_cvt_f32_f16_e32": 1,
        "s_and_b32": 2,
        "s_movk_i32": 2,
        "v_rndne_f32_e32": 2,
        "v_cvt_i32_f32_e32": 2,
        "v_med3_i32": 2,
        "v_dual_and_b32": 1,
        "v_bfe_u32": 1,
        "v_mad_co_u64_u32": 1,
        "v_and_or_b32": 1,
        "v_lshrrev_b64": 1,
        "global_store_b8": 2,
        "s_endpgm": 1
      },
      "embedded_schedule_exact": true
    }
  },
  "mechanism": "one gathered activation-scale load plus T wave broadcasts per ordered G64 group",
  "broadcast_ds_wait_cost_included_in_timing": true,
  "production_routing_authorized": false
}
