{
  "compiled_text_p129_candidate_enabled": false,
  "default_production_routing_changed": false,
  "dflash_verify_route_is_production": true,
  "geometry": {
    "first_dflash_position": 4096,
    "head_dim": 256,
    "kv_heads": 4,
    "logical_page_table": [
      2,
      19,
      36,
      53,
      3,
      20,
      37,
      54,
      4,
      21,
      38,
      55,
      5,
      22,
      39,
      56,
      6,
      23,
      40,
      57,
      7,
      24,
      41,
      58,
      8,
      25,
      42,
      59,
      9,
      26,
      43,
      60,
      10,
      27,
      44,
      61,
      11,
      28,
      45,
      62,
      12,
      29,
      46,
      63,
      13,
      30,
      47,
      64,
      14,
      31,
      48,
      65,
      15,
      32,
      49,
      66,
      16,
      33,
      50,
      0,
      17,
      34,
      51,
      1,
      18
    ],
    "physical_pages": 67,
    "query_heads": 24,
    "text_context": 129,
    "text_dense_workspace_bytes": 1609920,
    "text_rows": 129,
    "text_w1_score_workspace_bytes": 12384,
    "value_group": 16,
    "w1_context": 4097,
    "w1_score_workspace_bytes": 393312,
    "w5_batched_score_workspace_bytes": 1968480,
    "w5_context": 4101,
    "w5_serial_score_workspace_bytes": 393696,
    "w6_batched_score_workspace_bytes": 2362752,
    "w6_context": 4102,
    "w6_serial_score_workspace_bytes": 393792
  },
  "hardware": {
    "architecture": "gfx1201",
    "device": 0,
    "name": "AMD Radeon AI PRO R9700",
    "pci_bus_id": "0000:13:00.0",
    "wave_size": 32
  },
  "oracle": {
    "dense_bf16_q_implementation_limit": 0.002,
    "text_dense_bf16_q_max_abs": 2.44645333324911e-07,
    "text_dense_bf16_q_max_rel": 0.02073064306329364,
    "text_tail_w1_fp8_q_profile_max_abs": 9.044436233285325e-08,
    "text_tail_w1_fp8_q_profile_max_rel": 0.0007811854513329629,
    "text_tail_w1_max_abs": 0.005974978995205715,
    "text_tail_w1_max_rel": 57.10761239284523,
    "w1_fused_max_abs": 9.274166002000428e-08,
    "w1_fused_max_rel": 0.0028634779734751934,
    "w1_wmma_fp8_q_profile_max_abs": 5.5847940168274324e-08,
    "w1_wmma_fp8_q_profile_max_rel": 0.005530955284174859,
    "w1_wmma_max_abs": 0.0006318344407083964,
    "w1_wmma_max_rel": 173.69130452321923,
    "w5_batched_fp8_q_profile_max_abs": 5.5847940168274324e-08,
    "w5_batched_fp8_q_profile_max_rel": 0.005530955284174859,
    "w5_batched_max_abs": 0.0006318344407083964,
    "w5_batched_max_rel": 173.69130452321923,
    "w5_fused_max_abs": 9.52574952615276e-08,
    "w5_fused_max_rel": 0.0073179615607301095,
    "w5_wmma_fp8_q_profile_max_abs": 5.5847940168274324e-08,
    "w5_wmma_fp8_q_profile_max_rel": 0.005530955284174859,
    "w5_wmma_max_abs": 0.0006318344407083964,
    "w5_wmma_max_rel": 173.69130452321923,
    "w6_batched_fp8_q_profile_max_abs": 5.5847940168274324e-08,
    "w6_batched_fp8_q_profile_max_rel": 0.005530955284174859,
    "w6_batched_max_abs": 0.0006318344407083964,
    "w6_batched_max_rel": 389.5520625703435,
    "w6_fused_max_abs": 9.52574952615276e-08,
    "w6_fused_max_rel": 0.01215160389932829,
    "w6_wmma_fp8_q_profile_max_abs": 5.5847940168274324e-08,
    "w6_wmma_fp8_q_profile_max_rel": 0.005530955284174859,
    "w6_wmma_max_abs": 0.0006318344407083964,
    "w6_wmma_max_rel": 389.5520625703435,
    "wmma_implementation_limit": 0.0002,
    "wmma_public_criterion": "pointwise_abs<=abs(fp8_q_oracle-bf16_oracle)+2e-4*max(1,abs(fp8_q_oracle))"
  },
  "qualification": "text_p129_and_dflash_verify_attention_parity_discriminator",
  "schema_version": 3,
  "selector": {
    "compiled": false,
    "default": false,
    "name": "NINFER_R9700_TEXT_P129_WMMA_TAIL_CANDIDATE"
  },
  "target_pair": {
    "batched_graph_all_rows_bit_exact": true,
    "batched_serial_all_rows_bit_exact": true,
    "current_production_cross_route_row0_bit_exact": false,
    "current_production_cross_route_row0_max_abs": 0.0006318306550383568,
    "current_production_cross_route_row0_mismatches": 6144,
    "dflash_candidate": "W5/C4101/positions4096..4100 batched FP8-Q WMMA",
    "fused_same_route_row0_bit_exact": true,
    "ordinary": "W1/C4097/position4096 FP8-Q WMMA",
    "serial_wmma_same_route_row0_bit_exact": true
  },
  "target_pair_w6": {
    "batched_graph_all_rows_bit_exact": true,
    "batched_serial_all_rows_bit_exact": true,
    "dflash_candidate": "W6/C4102/positions4096..4101 batched FP8-Q WMMA",
    "fused_same_route_row0_bit_exact": true,
    "ordinary": "W1/C4097/position4096 FP8-Q WMMA",
    "serial_wmma_same_route_row0_bit_exact": true
  },
  "text_pair": {
    "append": "W1/C129/position128 FP8-Q WMMA",
    "candidate_graph_eager_bit_exact": true,
    "dense_prefix_rows0_127_preserved_bit_exact": true,
    "fresh": "dense T129/C129 plus W1 tail overwrite",
    "original_dense_tail_append_w1_bit_exact": false,
    "original_dense_tail_append_w1_max_abs": 0.005975022912025452,
    "original_dense_tail_append_w1_mismatches": 6144,
    "overwritten_tail_append_w1_bit_exact": true
  },
  "timing": {
    "diagnostic_only": true,
    "evidence_eligible": false,
    "iterations": 50,
    "launch_order": "ABBA by trial",
    "text_dense_p129_median_ms": 0.18249027252197267,
    "text_dense_p129_samples_ms": [
      0.1985335350036621,
      0.18249027252197267,
      0.18091428756713868,
      0.18936630249023437,
      0.187780704498291,
      0.17709346771240234,
      0.17633426666259766
    ],
    "text_dense_plus_tail_median_ms": 0.1897711181640625,
    "text_dense_plus_tail_samples_ms": [
      0.1897711181640625,
      0.19152070999145507,
      0.19984235763549804,
      0.1835110855102539,
      0.18469587326049805,
      0.1846974754333496,
      0.19246311187744142
    ],
    "text_tail_overwrite_median_overhead_ms": 0.007280845642089834,
    "trials": 7,
    "w1_fused_median_ms": 2.5352053833007813,
    "w1_fused_samples_ms": [
      2.622496337890625,
      2.5458656311035157,
      2.5477008056640624,
      2.5352053833007813,
      2.5024678039550783,
      2.477306060791016,
      2.475425262451172
    ],
    "w1_wmma_median_ms": 0.09996598243713378,
    "w1_wmma_samples_ms": [
      0.11826603889465331,
      0.10159398078918457,
      0.10008678436279297,
      0.09934918403625488,
      0.09996598243713378,
      0.09835636138916015,
      0.098049955368042
    ],
    "w5_batched_wmma_median_ms": 0.26338979721069333,
    "w5_batched_wmma_samples_ms": [
      0.25297136306762696,
      0.2668705940246582,
      0.26338979721069333,
      0.25385696411132813,
      0.24716651916503907,
      0.2685042190551758,
      0.2708202171325684
    ],
    "w5_fused_median_ms": 2.5960546875,
    "w5_fused_samples_ms": [
      2.645216979980469,
      2.6168585205078125,
      2.599534606933594,
      2.5960546875,
      2.5911874389648437,
      2.5794744873046875,
      2.578895263671875
    ],
    "w5_serial_wmma_median_ms": 0.5096731185913086,
    "w5_serial_wmma_samples_ms": [
      0.5208459091186524,
      0.5122283172607421,
      0.5021634674072266,
      0.5096731185913086,
      0.5132771301269531,
      0.49656742095947265,
      0.4961306381225586
    ],
    "w6_batched_wmma_median_ms": 0.232618465423584,
    "w6_batched_wmma_samples_ms": [
      0.23179765701293945,
      0.232618465423584,
      0.23204246520996094,
      0.2316904640197754,
      0.2333896827697754,
      0.2401201057434082,
      0.23817607879638672
    ],
    "w6_fused_median_ms": 2.673969421386719,
    "w6_fused_samples_ms": [
      2.7049029541015623,
      2.703596496582031,
      2.6969973754882814,
      2.6597500610351563,
      2.654664306640625,
      2.6666226196289062,
      2.673969421386719
    ],
    "w6_serial_wmma_median_ms": 0.5992854309082031,
    "w6_serial_wmma_samples_ms": [
      0.6272327423095703,
      0.6164247131347657,
      0.6104439163208008,
      0.5992854309082031,
      0.598416633605957,
      0.598975830078125,
      0.5970478439331055
    ]
  },
  "w4_qualification": [
    {
      "concurrency": 1,
      "context": 64,
      "device_row_metadata": true,
      "graph_exact": true,
      "guards": true,
      "public_oracle_max_abs": 0.011699273776169215,
      "serial_exact": true
    },
    {
      "concurrency": 2,
      "context": 64,
      "device_row_metadata": true,
      "graph_exact": true,
      "guards": true,
      "public_oracle_max_abs": 0.012681683522402204,
      "serial_exact": true
    },
    {
      "concurrency": 3,
      "context": 64,
      "device_row_metadata": true,
      "graph_exact": true,
      "guards": true,
      "public_oracle_max_abs": 0.012691424674376589,
      "serial_exact": true
    },
    {
      "concurrency": 4,
      "context": 64,
      "device_row_metadata": true,
      "graph_exact": true,
      "guards": true,
      "public_oracle_max_abs": 0.01222128694314134,
      "serial_exact": true
    },
    {
      "concurrency": 1,
      "context": 4100,
      "device_row_metadata": true,
      "graph_exact": true,
      "guards": true,
      "public_oracle_max_abs": 0.0006318344407083964,
      "serial_exact": true
    },
    {
      "concurrency": 2,
      "context": 4100,
      "device_row_metadata": true,
      "graph_exact": true,
      "guards": true,
      "public_oracle_max_abs": 0.0006274092549569971,
      "serial_exact": true
    },
    {
      "concurrency": 3,
      "context": 4100,
      "device_row_metadata": true,
      "graph_exact": true,
      "guards": true,
      "public_oracle_max_abs": 0.0006274092549569971,
      "serial_exact": true
    },
    {
      "concurrency": 4,
      "context": 4100,
      "device_row_metadata": true,
      "graph_exact": true,
      "guards": true,
      "public_oracle_max_abs": 0.0006396002172566022,
      "serial_exact": true
    }
  ],
  "w4_w5_w6_invalid_page_metadata_poison": true
}
